PH global_pack NULL "C:/Users/erikn/Genius Game/Genius/global_pack.vhd" sub00/vhpl00 1479678855
EN genius NULL "C:/Users/erikn/Genius Game/Genius/Genius.vhd" sub00/vhpl06 1479678861
AR decoder behavioral "C:/Users/erikn/Genius Game/Genius/Decoder.vhd" sub00/vhpl03 1479678858
EN vga NULL "C:/Users/erikn/Genius Game/Genius/VGA.vhd" sub00/vhpl04 1479678859
AR genius behavioral "C:/Users/erikn/Genius Game/Genius/Genius.vhd" sub00/vhpl07 1479678862
EN decoder NULL "C:/Users/erikn/Genius Game/Genius/Decoder.vhd" sub00/vhpl02 1479678857
AR vga behavior "C:/Users/erikn/Genius Game/Genius/VGA.vhd" sub00/vhpl05 1479678860
PH rom_characters NULL "C:/Users/erikn/Genius Game/Genius/char_rom.vhd" sub00/vhpl01 1479678856
